#-----------------------------------------------------------
# Vivado v2023.2.2 (64-bit)
# SW Build 4126759 on Thu Feb  8 23:53:51 MST 2024
# IP Build 4126054 on Fri Feb  9 11:39:09 MST 2024
# SharedData Build 4115275 on Tue Jan 30 00:40:57 MST 2024
# Start of session at: Thu Mar  7 11:50:47 2024
# Process ID: 264916
# Current directory: M:/Uni/Modules/CS351_Proj/cs351-code/CA_Wolfram_Code/CA_Wolfram_Code.runs/impl_1
# Command line: vivado.exe -log CA_Wolfram_AXI_Lite.vdi -applog -product Vivado -messageDb vivado.pb -mode batch -source CA_Wolfram_AXI_Lite.tcl -notrace
# Log file: M:/Uni/Modules/CS351_Proj/cs351-code/CA_Wolfram_Code/CA_Wolfram_Code.runs/impl_1/CA_Wolfram_AXI_Lite.vdi
# Journal file: M:/Uni/Modules/CS351_Proj/cs351-code/CA_Wolfram_Code/CA_Wolfram_Code.runs/impl_1\vivado.jou
# Running On: CallumsLaptop, OS: Windows, CPU Frequency: 3194 MHz, CPU Physical cores: 16, Host memory: 16312 MB
#-----------------------------------------------------------
source CA_Wolfram_AXI_Lite.tcl -notrace
